------------------------------------------------------------
TimeQuest Timing Analyzer Summary
------------------------------------------------------------

Type  : Slow 1200mV 85C Model Setup 'clk'
Slack : 7.109
TNS   : 0.000

Type  : Slow 1200mV 85C Model Hold 'clk'
Slack : 0.401
TNS   : 0.000

Type  : Slow 1200mV 85C Model Recovery 'clk'
Slack : 16.796
TNS   : 0.000

Type  : Slow 1200mV 85C Model Removal 'clk'
Slack : 1.047
TNS   : 0.000

Type  : Slow 1200mV 85C Model Minimum Pulse Width 'clk'
Slack : 9.570
TNS   : 0.000

Type  : Slow 1200mV 0C Model Setup 'clk'
Slack : 8.116
TNS   : 0.000

Type  : Slow 1200mV 0C Model Hold 'clk'
Slack : 0.353
TNS   : 0.000

Type  : Slow 1200mV 0C Model Recovery 'clk'
Slack : 17.039
TNS   : 0.000

Type  : Slow 1200mV 0C Model Removal 'clk'
Slack : 0.955
TNS   : 0.000

Type  : Slow 1200mV 0C Model Minimum Pulse Width 'clk'
Slack : 9.548
TNS   : 0.000

Type  : Fast 1200mV 0C Model Setup 'clk'
Slack : 13.536
TNS   : 0.000

Type  : Fast 1200mV 0C Model Hold 'clk'
Slack : 0.180
TNS   : 0.000

Type  : Fast 1200mV 0C Model Recovery 'clk'
Slack : 18.282
TNS   : 0.000

Type  : Fast 1200mV 0C Model Removal 'clk'
Slack : 0.497
TNS   : 0.000

Type  : Fast 1200mV 0C Model Minimum Pulse Width 'clk'
Slack : 9.152
TNS   : 0.000

------------------------------------------------------------
